Command: C:\Users\hasee\Miniconda3\envs\quad_lora\python.exe C:\Users\hasee\OneDrive\Dokumenter\github\Quadratic-Neurons-vs.-ReLU-How-Much-Nonlinearity-Is-Enough\Quadratic-Neurons-vs.-ReLU-How-Much-Nonlinearity-Is-Enough\Haseeb_trials\3_test\train_LoRA_Qudratic_local_best.py --dataset food101 --data-root C:\Users\hasee\OneDrive\Dokumenter\github\Quadratic-Neurons-vs.-ReLU-How-Much-Nonlinearity-Is-Enough\Quadratic-Neurons-vs.-ReLU-How-Much-Nonlinearity-Is-Enough\Haseeb_trials\3_test\data --output-dir C:\Users\hasee\quad_runs\food101_8q8l2f_20260611_002415\206_l_all_r2_h0_lr3em4_wd0p0 --batch-size 32 --num-workers 4 --grad-clip 5.0 --seed 42 --print-trainable-names --stage lora_dw --base-checkpoint C:\Users\hasee\quad_runs\food101_8q8l2f_20260611_002415\000_lin_lr1em3_wd0p05\food101\linear_base\best_model.pt --adapter-scope all --adapter-rank 2 --epochs 12 --lr 3e-4 --weight-decay 0.0
CWD: C:\Users\hasee\OneDrive\Dokumenter\github\Quadratic-Neurons-vs.-ReLU-How-Much-Nonlinearity-Is-Enough\Quadratic-Neurons-vs.-ReLU-How-Much-Nonlinearity-Is-Enough\Haseeb_trials\3_test
Started: 2026-06-11T19:45:21
================================================================================
[info] inserted 18 lora depthwise adapters
Trainable params: 662,400 / 28,560,197 (2.32%)
Trainable parameter tensors:
  features.1.0.block.0.down.weight      9,408
  features.1.0.block.0.up.weight        192
  features.1.1.block.0.down.weight      9,408
  features.1.1.block.0.up.weight        192
  features.1.2.block.0.down.weight      9,408
  features.1.2.block.0.up.weight        192
  features.3.0.block.0.down.weight     18,816
  features.3.0.block.0.up.weight        384
  features.3.1.block.0.down.weight     18,816
  features.3.1.block.0.up.weight        384
  features.3.2.block.0.down.weight     18,816
  features.3.2.block.0.up.weight        384
  features.5.0.block.0.down.weight     37,632
  features.5.0.block.0.up.weight        768
  features.5.1.block.0.down.weight     37,632
  features.5.1.block.0.up.weight        768
  features.5.2.block.0.down.weight     37,632
  features.5.2.block.0.up.weight        768
  features.5.3.block.0.down.weight     37,632
  features.5.3.block.0.up.weight        768
  features.5.4.block.0.down.weight     37,632
  features.5.4.block.0.up.weight        768
  features.5.5.block.0.down.weight     37,632
  features.5.5.block.0.up.weight        768
  features.5.6.block.0.down.weight     37,632
  features.5.6.block.0.up.weight        768
  features.5.7.block.0.down.weight     37,632
  features.5.7.block.0.up.weight        768
  features.5.8.block.0.down.weight     37,632
  features.5.8.block.0.up.weight        768
  features.7.0.block.0.down.weight     75,264
  features.7.0.block.0.up.weight      1,536
  features.7.1.block.0.down.weight     75,264
  features.7.1.block.0.up.weight      1,536
  features.7.2.block.0.down.weight     75,264
  features.7.2.block.0.up.weight      1,536
[best] epoch 1 | test_acc: 0.8042
[food101][lora_dw] Epoch 1/12 | train_loss: 0.7013 | train_acc: 0.8092 | test_loss: 0.7033 | test_acc: 0.8042
[best] epoch 2 | test_acc: 0.8108
[food101][lora_dw] Epoch 2/12 | train_loss: 0.6497 | train_acc: 0.8220 | test_loss: 0.6842 | test_acc: 0.8108
[best] epoch 3 | test_acc: 0.8138
[food101][lora_dw] Epoch 3/12 | train_loss: 0.6111 | train_acc: 0.8318 | test_loss: 0.6734 | test_acc: 0.8138
[best] epoch 4 | test_acc: 0.8145
[food101][lora_dw] Epoch 4/12 | train_loss: 0.5727 | train_acc: 0.8432 | test_loss: 0.6751 | test_acc: 0.8145
[best] epoch 5 | test_acc: 0.8146
[food101][lora_dw] Epoch 5/12 | train_loss: 0.5379 | train_acc: 0.8531 | test_loss: 0.6768 | test_acc: 0.8146
[food101][lora_dw] Epoch 6/12 | train_loss: 0.5068 | train_acc: 0.8620 | test_loss: 0.6826 | test_acc: 0.8140
[food101][lora_dw] Epoch 7/12 | train_loss: 0.4743 | train_acc: 0.8727 | test_loss: 0.6909 | test_acc: 0.8123
[food101][lora_dw] Epoch 8/12 | train_loss: 0.4479 | train_acc: 0.8803 | test_loss: 0.6947 | test_acc: 0.8115
[food101][lora_dw] Epoch 9/12 | train_loss: 0.4251 | train_acc: 0.8869 | test_loss: 0.7044 | test_acc: 0.8107
[food101][lora_dw] Epoch 10/12 | train_loss: 0.4001 | train_acc: 0.8947 | test_loss: 0.7110 | test_acc: 0.8097
[food101][lora_dw] Epoch 11/12 | train_loss: 0.3772 | train_acc: 0.9020 | test_loss: 0.7168 | test_acc: 0.8087
[food101][lora_dw] Epoch 12/12 | train_loss: 0.3634 | train_acc: 0.9055 | test_loss: 0.7240 | test_acc: 0.8065
Training time: 8969.11 seconds
Saved outputs to: C:\Users\hasee\quad_runs\food101_8q8l2f_20260611_002415\206_l_all_r2_h0_lr3em4_wd0p0\food101\lora_dw\all_rank_2
================================================================================
Finished: 2026-06-11T22:14:55
Exit code: 0
