/bin/bash: line 1: ./HPC_Train_test.sh: Permission denied

------------------------------------------------------------
Sender: LSF System <lsfadmin@hpc.dtu.dk>
Subject: Job 28375736: <NONAME> in cluster <dcc> Exited

Job <NONAME> was submitted from host <n-62-27-17> by user <s244701> in cluster <dcc> at Wed May  6 16:41:31 2026
Job was executed on host(s) <n-62-11-63>, in queue <hpc>, as user <s244701> in cluster <dcc> at Wed May  6 16:41:32 2026
</zhome/16/f/216006> was used as the home directory.
</zhome/16/f/216006/Desktop/Fagprojekt/Haseeb_trials> was used as the working directory.
Started at Wed May  6 16:41:32 2026
Terminated at Wed May  6 16:41:50 2026
Results reported at Wed May  6 16:41:50 2026

Your job looked like:

------------------------------------------------------------
# LSBATCH: User input
HPC_Train_test.sh
------------------------------------------------------------

Exited with exit code 126.

Resource usage summary:

    CPU time :                                   0.47 sec.
    Max Memory :                                 -
    Average Memory :                             -
    Total Requested Memory :                     1024.00 MB
    Delta Memory :                               -
    Max Swap :                                   -
    Max Processes :                              -
    Max Threads :                                -
    Run time :                                   18 sec.
    Turnaround time :                            19 sec.

The output (if any) is above this job summary.

