Command: C:\Users\hasee\Miniconda3\envs\quad_lora\python.exe C:\Users\hasee\OneDrive\Dokumenter\github\Quadratic-Neurons-vs.-ReLU-How-Much-Nonlinearity-Is-Enough\Quadratic-Neurons-vs.-ReLU-How-Much-Nonlinearity-Is-Enough\Haseeb_trials\3_test\train_LoRA_Qudratic_local_best.py --dataset food101 --data-root C:\Users\hasee\OneDrive\Dokumenter\github\Quadratic-Neurons-vs.-ReLU-How-Much-Nonlinearity-Is-Enough\Quadratic-Neurons-vs.-ReLU-How-Much-Nonlinearity-Is-Enough\Haseeb_trials\3_test\data --output-dir C:\Users\hasee\quad_runs\food101_8q8l2f_20260610_174310\106_q_all_r2_h0_lr3em4_wd0p0 --batch-size 32 --num-workers 4 --grad-clip 5.0 --seed 42 --print-trainable-names --stage quad_dw --base-checkpoint C:\Users\hasee\quad_runs\food101_8q8l2f_20260610_174310\000_lin_lr1em3_wd0p05\food101\linear_base\best_model.pt --adapter-scope all --adapter-rank 2 --epochs 12 --lr 3e-4 --weight-decay 0.0
CWD: C:\Users\hasee\OneDrive\Dokumenter\github\Quadratic-Neurons-vs.-ReLU-How-Much-Nonlinearity-Is-Enough\Quadratic-Neurons-vs.-ReLU-How-Much-Nonlinearity-Is-Enough\Haseeb_trials\3_test
Started: 2026-06-10T23:50:34
================================================================================
[info] inserted 18 quad depthwise adapters
Trainable params: 1,298,304 / 29,196,101 (4.45%)
Trainable parameter tensors:
  features.1.0.block.0.wa.weight      9,408
  features.1.0.block.0.wb.weight      9,408
  features.1.1.block.0.wa.weight      9,408
  features.1.1.block.0.wb.weight      9,408
  features.1.2.block.0.wa.weight      9,408
  features.1.2.block.0.wb.weight      9,408
  features.3.0.block.0.wa.weight     18,816
  features.3.0.block.0.wb.weight     18,816
  features.3.1.block.0.wa.weight     18,816
  features.3.1.block.0.wb.weight     18,816
  features.3.2.block.0.wa.weight     18,816
  features.3.2.block.0.wb.weight     18,816
  features.5.0.block.0.wa.weight     37,632
  features.5.0.block.0.wb.weight     37,632
  features.5.1.block.0.wa.weight     37,632
  features.5.1.block.0.wb.weight     37,632
  features.5.2.block.0.wa.weight     37,632
  features.5.2.block.0.wb.weight     37,632
  features.5.3.block.0.wa.weight     37,632
  features.5.3.block.0.wb.weight     37,632
  features.5.4.block.0.wa.weight     37,632
  features.5.4.block.0.wb.weight     37,632
  features.5.5.block.0.wa.weight     37,632
  features.5.5.block.0.wb.weight     37,632
  features.5.6.block.0.wa.weight     37,632
  features.5.6.block.0.wb.weight     37,632
  features.5.7.block.0.wa.weight     37,632
  features.5.7.block.0.wb.weight     37,632
  features.5.8.block.0.wa.weight     37,632
  features.5.8.block.0.wb.weight     37,632
  features.7.0.block.0.wa.weight     75,264
  features.7.0.block.0.wb.weight     75,264
  features.7.1.block.0.wa.weight     75,264
  features.7.1.block.0.wb.weight     75,264
  features.7.2.block.0.wa.weight     75,264
  features.7.2.block.0.wb.weight     75,264
================================================================================
Finished: 2026-06-10T23:51:02
Exit code: 1073807364
