Command: C:\Users\hasee\Miniconda3\envs\quad_lora\python.exe C:\Users\hasee\OneDrive\Dokumenter\github\Quadratic-Neurons-vs.-ReLU-How-Much-Nonlinearity-Is-Enough\Quadratic-Neurons-vs.-ReLU-How-Much-Nonlinearity-Is-Enough\Haseeb_trials\3_test\train_LoRA_Qudratic_local_best.py --dataset food101 --data-root C:\Users\hasee\OneDrive\Dokumenter\github\Quadratic-Neurons-vs.-ReLU-How-Much-Nonlinearity-Is-Enough\Quadratic-Neurons-vs.-ReLU-How-Much-Nonlinearity-Is-Enough\Haseeb_trials\3_test\data --output-dir C:\Users\hasee\quad_runs\food101_8q8l2f_20260610_174310\104_q_ls_r2_h0_lr3em4_wd0p01 --batch-size 32 --num-workers 4 --grad-clip 5.0 --seed 42 --print-trainable-names --stage quad_dw --base-checkpoint C:\Users\hasee\quad_runs\food101_8q8l2f_20260610_174310\000_lin_lr1em3_wd0p05\food101\linear_base\best_model.pt --adapter-scope last_stage --adapter-rank 2 --epochs 12 --lr 3e-4 --weight-decay 0.01
CWD: C:\Users\hasee\OneDrive\Dokumenter\github\Quadratic-Neurons-vs.-ReLU-How-Much-Nonlinearity-Is-Enough\Quadratic-Neurons-vs.-ReLU-How-Much-Nonlinearity-Is-Enough\Haseeb_trials\3_test
Started: 2026-06-10T21:18:20
================================================================================
[info] inserted 3 quad depthwise adapters
Trainable params: 451,584 / 28,349,381 (1.59%)
Trainable parameter tensors:
  features.7.0.block.0.wa.weight     75,264
  features.7.0.block.0.wb.weight     75,264
  features.7.1.block.0.wa.weight     75,264
  features.7.1.block.0.wb.weight     75,264
  features.7.2.block.0.wa.weight     75,264
  features.7.2.block.0.wb.weight     75,264
[best] epoch 1 | test_acc: 0.7883
[food101][quad_dw] Epoch 1/12 | train_loss: 0.7410 | train_acc: 0.7981 | test_loss: 0.7645 | test_acc: 0.7883
[best] epoch 2 | test_acc: 0.7899
[food101][quad_dw] Epoch 2/12 | train_loss: 0.7177 | train_acc: 0.8035 | test_loss: 0.7577 | test_acc: 0.7899
[best] epoch 3 | test_acc: 0.7916
[food101][quad_dw] Epoch 3/12 | train_loss: 0.7029 | train_acc: 0.8095 | test_loss: 0.7585 | test_acc: 0.7916
[food101][quad_dw] Epoch 4/12 | train_loss: 0.6880 | train_acc: 0.8121 | test_loss: 0.7573 | test_acc: 0.7916
[best] epoch 5 | test_acc: 0.7920
[food101][quad_dw] Epoch 5/12 | train_loss: 0.6755 | train_acc: 0.8156 | test_loss: 0.7582 | test_acc: 0.7920
[food101][quad_dw] Epoch 6/12 | train_loss: 0.6600 | train_acc: 0.8210 | test_loss: 0.7604 | test_acc: 0.7920
[food101][quad_dw] Epoch 7/12 | train_loss: 0.6526 | train_acc: 0.8213 | test_loss: 0.7592 | test_acc: 0.7914
[food101][quad_dw] Epoch 8/12 | train_loss: 0.6366 | train_acc: 0.8259 | test_loss: 0.7604 | test_acc: 0.7918
[food101][quad_dw] Epoch 9/12 | train_loss: 0.6234 | train_acc: 0.8301 | test_loss: 0.7625 | test_acc: 0.7915
[food101][quad_dw] Epoch 10/12 | train_loss: 0.6155 | train_acc: 0.8331 | test_loss: 0.7634 | test_acc: 0.7907
[food101][quad_dw] Epoch 11/12 | train_loss: 0.6006 | train_acc: 0.8364 | test_loss: 0.7658 | test_acc: 0.7912
[food101][quad_dw] Epoch 12/12 | train_loss: 0.5907 | train_acc: 0.8400 | test_loss: 0.7668 | test_acc: 0.7903
Training time: 2302.53 seconds
Saved outputs to: C:\Users\hasee\quad_runs\food101_8q8l2f_20260610_174310\104_q_ls_r2_h0_lr3em4_wd0p01\food101\quad_dw\last_stage_rank_2
================================================================================
Finished: 2026-06-10T21:56:47
Exit code: 0
