Command: C:\Users\hasee\Miniconda3\envs\quad_lora\python.exe C:\Users\hasee\OneDrive\Dokumenter\github\Quadratic-Neurons-vs.-ReLU-How-Much-Nonlinearity-Is-Enough\Quadratic-Neurons-vs.-ReLU-How-Much-Nonlinearity-Is-Enough\Haseeb_trials\3_test\train_LoRA_Qudratic_local_best.py --dataset food101 --data-root C:\Users\hasee\OneDrive\Dokumenter\github\Quadratic-Neurons-vs.-ReLU-How-Much-Nonlinearity-Is-Enough\Quadratic-Neurons-vs.-ReLU-How-Much-Nonlinearity-Is-Enough\Haseeb_trials\3_test\data --output-dir C:\Users\hasee\quad_runs\food101_8q8l2f_20260611_002415\201_l_ls_r1_h0_lr1em3_wd0p0 --batch-size 32 --num-workers 4 --grad-clip 5.0 --seed 42 --print-trainable-names --stage lora_dw --base-checkpoint C:\Users\hasee\quad_runs\food101_8q8l2f_20260611_002415\000_lin_lr1em3_wd0p05\food101\linear_base\best_model.pt --adapter-scope last_stage --adapter-rank 1 --epochs 12 --lr 1e-3 --weight-decay 0.0
CWD: C:\Users\hasee\OneDrive\Dokumenter\github\Quadratic-Neurons-vs.-ReLU-How-Much-Nonlinearity-Is-Enough\Quadratic-Neurons-vs.-ReLU-How-Much-Nonlinearity-Is-Enough\Haseeb_trials\3_test
Started: 2026-06-11T15:14:16
================================================================================
[info] inserted 3 lora depthwise adapters
Trainable params: 115,200 / 28,012,997 (0.41%)
Trainable parameter tensors:
  features.7.0.block.0.down.weight     37,632
  features.7.0.block.0.up.weight        768
  features.7.1.block.0.down.weight     37,632
  features.7.1.block.0.up.weight        768
  features.7.2.block.0.down.weight     37,632
  features.7.2.block.0.up.weight        768
[best] epoch 1 | test_acc: 0.7937
[food101][lora_dw] Epoch 1/12 | train_loss: 0.7341 | train_acc: 0.8007 | test_loss: 0.7522 | test_acc: 0.7937
[best] epoch 2 | test_acc: 0.7941
[food101][lora_dw] Epoch 2/12 | train_loss: 0.6982 | train_acc: 0.8087 | test_loss: 0.7476 | test_acc: 0.7941
[best] epoch 3 | test_acc: 0.7956
[food101][lora_dw] Epoch 3/12 | train_loss: 0.6718 | train_acc: 0.8160 | test_loss: 0.7398 | test_acc: 0.7956
[food101][lora_dw] Epoch 4/12 | train_loss: 0.6476 | train_acc: 0.8224 | test_loss: 0.7453 | test_acc: 0.7952
[best] epoch 5 | test_acc: 0.7961
[food101][lora_dw] Epoch 5/12 | train_loss: 0.6263 | train_acc: 0.8283 | test_loss: 0.7480 | test_acc: 0.7961
[food101][lora_dw] Epoch 6/12 | train_loss: 0.6108 | train_acc: 0.8332 | test_loss: 0.7517 | test_acc: 0.7937
[food101][lora_dw] Epoch 7/12 | train_loss: 0.5966 | train_acc: 0.8371 | test_loss: 0.7516 | test_acc: 0.7930
[food101][lora_dw] Epoch 8/12 | train_loss: 0.5844 | train_acc: 0.8411 | test_loss: 0.7539 | test_acc: 0.7931
[food101][lora_dw] Epoch 9/12 | train_loss: 0.5699 | train_acc: 0.8455 | test_loss: 0.7606 | test_acc: 0.7905
[food101][lora_dw] Epoch 10/12 | train_loss: 0.5601 | train_acc: 0.8471 | test_loss: 0.7598 | test_acc: 0.7917
[food101][lora_dw] Epoch 11/12 | train_loss: 0.5500 | train_acc: 0.8484 | test_loss: 0.7635 | test_acc: 0.7916
[food101][lora_dw] Epoch 12/12 | train_loss: 0.5420 | train_acc: 0.8526 | test_loss: 0.7707 | test_acc: 0.7904
Training time: 1810.41 seconds
Saved outputs to: C:\Users\hasee\quad_runs\food101_8q8l2f_20260611_002415\201_l_ls_r1_h0_lr1em3_wd0p0\food101\lora_dw\last_stage_rank_1
================================================================================
Finished: 2026-06-11T15:44:31
Exit code: 0
